---
source: tui/src/bottom_pane/chat_composer.rs
expression: terminal.backend()
---
"                                                                                                    "
"› $sa                                                                                               "
"                                                                                                    "
"                                                                                                    "
"                                                                                                    "
"                                                                                                    "
"  Sample Plugin  Plugin that includes the Figma MCP server and Skills for common workflows          "
"                                                                                                    "
"  按 enter 插入，按 esc 关闭                                                                        " Hidden by multi-width symbols: [(3, " "), (12, " "), (14, " "), (16, " "), (18, " "), (25, " "), (27, " ")]
