---
source: tui/src/bottom_pane/chat_composer.rs
expression: terminal.backend()
---
"                                                            "
"› /ho                                                       "
"                                                            "
"                                                            "
"  /hooks  edit hooks in config.toml                         "
