---
source: tui/src/bottom_pane/status_line_setup.rs
expression: "render_lines(&view, 72)"
---
                                                                        
  配 置 状 态 栏                                                             
  选 择 要 在 状 态 栏 中 显 示 的 项 目 。                                           
                                                                        
  输 入 以 搜 索                                                             
  >                                                                     
› [x] model-name            Current model name                          
  [x] current-dir           Current working directory                   
  [x] git-branch            Current Git branch (omitted when unavaila…  
  [ ] model-with-reasoning  Current model name with reasoning level     
  [ ] project-root          Project root directory (omitted when unav…  
  [ ] context-remaining     Percentage of context window remaining (o…  
  [ ] context-used          Percentage of context window used (omitte…  
  [ ] five-hour-limit       Remaining usage on 5-hour usage limit (om…  
                                                                        
  gpt-5-codex · ~/codex-rs · jif/statusline-preview                     
  使 用  ↑↓ 导 航 ， ←→ 调 整 顺 序 ， 空 格 选 择 ， Enter 确 认 ， Esc 取 消 。
