---
source: tui/src/chatwidget/tests.rs
expression: terminal.backend()
---
"                                                                                "
"                                                                                "
"› Ask Codex to do anything                                                      "
"                                                                                "
"  快速模式：开                                                                  " Hidden by multi-width symbols: [(3, " "), (5, " "), (7, " "), (9, " "), (11, " "), (13, " ")]
