---
source: tui/src/chatwidget/tests.rs
expression: popup
---
  为  gpt-5.1-codex-max 选 择 推 理 强 度

  1. 低             Fast responses with lighter reasoning
  2. 中 （ 默 认 ）     Balances speed and reasoning depth for everyday tasks
› 3. 高  (current)  Greater reasoning depth for complex problems
  4. 超 高           Extra high reasoning depth for complex problems

  Press enter to confirm or esc to go back
