---
source: tui/src/chatwidget/tests.rs
expression: terminal.backend()
---
"                                                                                "
"• 处理中 (0s • esc to interrupt)                                                " Hidden by multi-width symbols: [(3, " "), (5, " "), (7, " ")]
"                                                                                "
"                                                                                "
"› Ask Codex to do anything                                                      "
"                                                                                "
"  ? for shortcuts                                            100% context left  "
